
> student-management-system@0.0.0 test
> jest

